// Jest Snapshot v1, https://goo.gl/fbAQLP

exports[`NewsList renders some content 1`] = `
Array [
  <h3>
    Loading...
  </h3>,
  <h3>
    
  </h3>,
]
`;
