// Jest Snapshot v1, https://goo.gl/fbAQLP

exports[`List it should render 1`] = `
<div
  className="container"
>
  <div
    className="row justify-content-between mt-5"
  >
    <div
      className="col-md-6"
    >
      <h1
        className="display-4"
      >
        News Story List
      </h1>
    </div>
    <div
      className="col-md-3"
    >
      <a
        className="btn btn-primary btn-block mt-3 mb-3"
        href="/create"
        onClick={[Function]}
      >
        <i
          className="fa"
        />
        Add Story
      </a>
    </div>
  </div>
  <div
    className="row"
  >
    <div
      className="col"
    >
      <table
        className="table table-sm"
      >
        <thead
          className="thead-light"
        >
          <tr>
            <th>
              Date
            </th>
            <th>
              Draft
            </th>
            <th>
              Headline
            </th>
            <th>
              Edit
            </th>
          </tr>
        </thead>
        <tbody>
          <tr>
            <td>
              Loading...
            </td>
          </tr>
        </tbody>
      </table>
    </div>
  </div>
</div>
`;
