// Jest Snapshot v1, https://goo.gl/fbAQLP

exports[`NewsItem it should render 1`] = `
Array [
  <a
    className="news-link"
    href="/news/undefined"
  >
    <div
      className="media"
    >
      <img
        alt="Generic placeholder"
        className="mr-3 d-none d-sm-block"
        height="115px"
        src="/media/i.jpg"
        width="175px"
      />
      <div
        className="media-body"
      >
        <p
          className="mt-0 text-muted"
        >
          2019-01-08
           / 
          <strong>
            Company News
          </strong>
        </p>
        <h3
          className="news-link font-weight-light"
        >
          Pacific Life Foundation Donates $250,000 to the American Red Cross for Victims of the California Wildfires
        </h3>
      </div>
    </div>
  </a>,
  <hr />,
]
`;
