// Jest Snapshot v1, https://goo.gl/fbAQLP

exports[`Tabs it should render 1`] = `
Array [
  <ul
    className="nav nav-tabs nav-fill mb-4"
  >
    <li
      className="nav-item"
    >
      <div
        className="nav-link active"
        onClick={[Function]}
      >
        News Stories
      </div>
    </li>
    <li
      className="nav-item"
    >
      <div
        className="nav-link false"
        onClick={[Function]}
      >
        Images and Video
      </div>
    </li>
    <li
      className="nav-item"
    >
      <div
        className="nav-link false"
        onClick={[Function]}
      >
        Contact Us
      </div>
    </li>
  </ul>,
  <div
    class="d-flex justify-content-center"
  >
    <div
      class="spinner-border text-primary mt-5"
      role="status"
      style={
        Object {
          "height": "3rem",
          "width": "3rem",
        }
      }
    >
      <span
        class="sr-only"
      >
        Loading...
      </span>
    </div>
  </div>,
  <p
    className="text-danger"
  >
    
  </p>,
]
`;
