// Jest Snapshot v1, https://goo.gl/fbAQLP

exports[`NewsList it should render 1`] = `
Array [
  <h3>
    Loading...
  </h3>,
  <h3>
    
  </h3>,
]
`;
